=== COMPREHENSIVE E2E TEST - FINAL ===
Timestamp: 2025-12-06T13:46:58.806Z

SECTION 1: USER SETUP

node : Network error on POST /auth/register: fetch failed
At line:1 char:1
+ node test-final.mjs 2>&1 | tee test-output.txt
+ ~~~~~~~~~~~~~~~~~~~~~~~~
    + CategoryInfo          : NotSpecified: (Network error o...r: fetch failed:String) [], Remote 
   Exception
    + FullyQualifiedErrorId : NativeCommandError
 
Γ£ô Patient Registered: FAIL (0)
  Email: undefined

Network error on POST /auth/register: fetch failed
Γ£ô Doctor Registered: FAIL (0)

Network error on POST /auth/register: fetch failed
Γ£ô Admin Registered: FAIL (0)

SECTION 2: ROLE INITIALIZATION

Network error on POST /auth/init-admin: fetch failed
Γ£ô Doctor Role Initialized: FAIL (0)

Network error on POST /auth/init-admin: fetch failed
Γ£ô Admin Role Initialized: FAIL (0)

SECTION 3: RE-AUTHENTICATION

Network error on POST /auth/login: fetch failed
Γ£ô Doctor Re-login: FAIL (0)

Γ£ô Admin Re-login: FAIL (0)

Network error on POST /auth/login: fetch failed
SECTION 4: DATA SEEDING

Γ£ô Seed Data: FAIL (0)
  Symptoms Seeded: 0

SECTION 5: PATIENT FLOW

Γ£ô Update Profile: FAIL (0)

Network error on POST /admin/seed: fetch failed
Network error on PUT /user/profile: fetch failed
Network error on GET /user/profile: fetch failed
Γ£ô Get Profile: FAIL (0)
  Name: undefined

Network error on GET /admin/symptoms: fetch failed
Γ£ô Get Symptoms: FAIL (0)
  Available: 0

Network error on GET /consultations/my: fetch failed
Γ£ô View History: FAIL (0)
  Count: 0

Network error on POST /appointments: fetch failed
Γ£ô Book Appointment: FAIL (0)
  Error: undefined

Network error on GET /appointments/my: fetch failed
Γ£ô View My Appointments: FAIL (0)
  Count: 0

SECTION 6: DOCTOR FLOW

Network error on GET /doctor/consultations: fetch failed
Γ£ô View Consultations: FAIL (0)
  Count: 0

Network error on GET /doctor/profile: fetch failed
Γ£ô View Profile: FAIL (0)

Network error on GET /appointments/doctor/list: fetch failed
Γ£ô View Doctor Appointments: FAIL (0)
  Count: 0

SECTION 7: ADMIN FLOW

Network error on GET /admin/users: fetch failed
Γ£ô View Users: FAIL (0)
  Count: 0

Network error on GET /admin/symptoms: fetch failed
Γ£ô View Symptoms: FAIL (0)
  Count: 0

Network error on POST /admin/symptoms: fetch failed
Γ£ô Create Symptom: FAIL (0)

Network error on GET /admin/diseases: fetch failed
Γ£ô View Diseases: FAIL (0)
  Count: 0

Network error on GET /admin/treatments: fetch failed
Γ£ô View Treatments: FAIL (0)
  Count: 0

Network error on GET /admin/consultations: fetch failed
Γ£ô View All Consultations: FAIL (0)
  Count: 0

SECTION 8: KNOWLEDGE BASE

Network error on GET /admin/diseases: fetch failed
Γ£ô Access Diseases (Patient): FAIL (0)
  Count: 0

Network error on GET /admin/treatments: fetch failed
Γ£ô Access Treatments (Patient): FAIL (0)
  Count: 0

=== TEST EXECUTION COMPLETE ===

Results: 0/25 PASSED (0%)

Failed Tests:

  - Γ£ô Patient Registered: FAIL (0)
  - Γ£ô Doctor Registered: FAIL (0)

  - Γ£ô Admin Registered: FAIL (0)

  - Γ£ô Doctor Role Initialized: FAIL (0)

  - Γ£ô Admin Role Initialized: FAIL (0)

  - Γ£ô Doctor Re-login: FAIL (0)

  - Γ£ô Admin Re-login: FAIL (0)

  - Γ£ô Seed Data: FAIL (0)
  - Γ£ô Update Profile: FAIL (0)

  - Γ£ô Get Profile: FAIL (0)
  - Γ£ô Get Symptoms: FAIL (0)
  - Γ£ô View History: FAIL (0)
  - Γ£ô Book Appointment: FAIL (0)
  - Γ£ô View My Appointments: FAIL (0)
  - Γ£ô View Consultations: FAIL (0)
  - Γ£ô View Profile: FAIL (0)

  - Γ£ô View Doctor Appointments: FAIL (0)
  - Γ£ô View Users: FAIL (0)
  - Γ£ô View Symptoms: FAIL (0)
  - Γ£ô Create Symptom: FAIL (0)

  - Γ£ô View Diseases: FAIL (0)
  - Γ£ô View Treatments: FAIL (0)
  - Γ£ô View All Consultations: FAIL (0)
  - Γ£ô Access Diseases (Patient): FAIL (0)
  - Γ£ô Access Treatments (Patient): FAIL (0)

Γ£à Results saved to E2E_TEST_FINAL_RESULTS.txt
